// Jest Snapshot v1, https://goo.gl/fbAQLP

exports[`Should MyList render correctly 1`] = `
<div>
  <div
    class="player"
  >
    <video
      class="player__video"
      poster="img/the-grand-budapest-hotel-poster.jpg"
      src="https://download.blender.org/durian/trailer/sintel_trailer-480p.mp4 "
    />
    <button
      class="player__exit"
      type="button"
    >
      Exit
    </button>
    <div
      class="player__controls"
    >
      <div
        class="player__controls-row"
      >
        <div
          class="player__time"
        >
          <progress
            class="player__progress"
            max="100"
            value="30"
          />
          <div
            class="player__toggler"
            style="left: 30%;"
          >
            Toggler
          </div>
        </div>
        <div
          class="player__time-value"
        >
          1:30:29
        </div>
      </div>
      <div
        class="player__controls-row"
      >
        <button
          class="player__play"
          type="button"
        >
          <svg
            height="19"
            viewBox="0 0 19 19"
            width="19"
          >
            <use
              xlink:href="#play-s"
            />
          </svg>
          <span>
            Play
          </span>
        </button>
        <div
          class="player__name"
        >
          Transpotting
        </div>
        <button
          class="player__full-screen"
          type="button"
        >
          <svg
            height="27"
            viewBox="0 0 27 27"
            width="27"
          >
            <use
              xlink:href="#full-screen"
            />
          </svg>
          <span>
            Full screen
          </span>
        </button>
      </div>
    </div>
  </div>
</div>
`;
