// Jest Snapshot v1, https://goo.gl/fbAQLP

exports[`Should Review render correctly 1`] = `
<div>
  <button
    class="catalog__button"
    type="button"
  >
    Show more
  </button>
</div>
`;
