// Jest Snapshot v1, https://goo.gl/fbAQLP

exports[`Should AddReview render correctly 1`] = `
<div>
  <section
    class="movie-card movie-card--full"
  >
    <div
      class="movie-card__header"
    >
      <div
        class="movie-card__bg"
      >
        <img
          alt="The Grand Budapest Hotel"
        />
      </div>
      <h1
        class="visually-hidden"
      >
        WTW
      </h1>
      <header
        class="page-header undefined"
      >
        <div
          class="logo"
        >
          <a
            class="logo__link"
            href="/"
          >
            <span
              class="logo__letter logo__letter--1"
            >
              W
            </span>
            <span
              class="logo__letter logo__letter--2"
            >
              T
            </span>
            <span
              class="logo__letter logo__letter--3"
            >
              W
            </span>
          </a>
        </div>
        <nav
          class="breadcrumbs"
        >
          <ul
            class="breadcrumbs__list"
          >
            <li
              class="breadcrumbs__item"
            >
              <a
                class="breadcrumbs__link"
                href="/films/1"
              >
                test
              </a>
            </li>
            <li
              class="breadcrumbs__item"
            >
              <a
                class="breadcrumbs__link"
              >
                Add review
              </a>
            </li>
          </ul>
        </nav>
        <div
          class="user-block"
        >
          <a
            class="user-block__link"
            href="/login"
          >
            Sign in
          </a>
        </div>
      </header>
      <div
        class="movie-card__poster movie-card__poster--small"
      >
        <img
          alt="The Grand Budapest Hotel poster"
          height="327"
          width="218"
        />
      </div>
    </div>
    <div
      class="add-review"
    >
      <form
        action="#"
        class="add-review__form"
      >
        <div
          class="rating"
        >
          <div
            class="rating__stars"
          >
            <input
              class="rating__input"
              id="star-1"
              name="rating"
              type="radio"
              value="1"
            />
            <label
              class="rating__label"
              for="star-1"
            >
              Rating 
              1
            </label>
            <input
              class="rating__input"
              id="star-2"
              name="rating"
              type="radio"
              value="2"
            />
            <label
              class="rating__label"
              for="star-2"
            >
              Rating 
              2
            </label>
            <input
              class="rating__input"
              id="star-3"
              name="rating"
              type="radio"
              value="3"
            />
            <label
              class="rating__label"
              for="star-3"
            >
              Rating 
              3
            </label>
            <input
              class="rating__input"
              id="star-4"
              name="rating"
              type="radio"
              value="4"
            />
            <label
              class="rating__label"
              for="star-4"
            >
              Rating 
              4
            </label>
            <input
              class="rating__input"
              id="star-5"
              name="rating"
              type="radio"
              value="5"
            />
            <label
              class="rating__label"
              for="star-5"
            >
              Rating 
              5
            </label>
            <input
              class="rating__input"
              id="star-6"
              name="rating"
              type="radio"
              value="6"
            />
            <label
              class="rating__label"
              for="star-6"
            >
              Rating 
              6
            </label>
            <input
              class="rating__input"
              id="star-7"
              name="rating"
              type="radio"
              value="7"
            />
            <label
              class="rating__label"
              for="star-7"
            >
              Rating 
              7
            </label>
            <input
              class="rating__input"
              id="star-8"
              name="rating"
              type="radio"
              value="8"
            />
            <label
              class="rating__label"
              for="star-8"
            >
              Rating 
              8
            </label>
            <input
              class="rating__input"
              id="star-9"
              name="rating"
              type="radio"
              value="9"
            />
            <label
              class="rating__label"
              for="star-9"
            >
              Rating 
              9
            </label>
            <input
              class="rating__input"
              id="star-10"
              name="rating"
              type="radio"
              value="10"
            />
            <label
              class="rating__label"
              for="star-10"
            >
              Rating 
              10
            </label>
          </div>
        </div>
        <div
          class="add-review__text"
        >
          <textarea
            class="add-review__textarea"
            id="review-text"
            name="review-text"
            placeholder="Review text"
          />
          <div
            class="add-review__submit"
          >
            <button
              class="add-review__btn"
              disabled=""
              type="submit"
            >
              Post
            </button>
          </div>
        </div>
      </form>
    </div>
  </section>
</div>
`;
