// Jest Snapshot v1, https://goo.gl/fbAQLP

exports[`AddToFavorites button should render correctly if film is in favorites 1`] = `
<div>
  <button
    class="btn btn--list movie-card__button"
    type="button"
  >
    <svg
      height="20"
      viewBox="0 0 19 20"
      width="19"
    >
      <use
        xlink:href="#add"
      />
    </svg>
    <span>
      My list
    </span>
  </button>
</div>
`;

exports[`AddToFavorites button should render correctly if film is not in favorites 1`] = `
<div>
  <button
    class="btn btn--list movie-card__button"
    type="button"
  >
    <svg
      height="20"
      viewBox="0 0 19 20"
      width="19"
    >
      <use
        xlink:href="#add"
      />
    </svg>
    <span>
      My list
    </span>
  </button>
</div>
`;
